
> shopixo@0.1.0 build
> next build

  Γû▓ Next.js 14.2.32
  - Experiments (use with caution):
    ┬╖ typedRoutes
    ┬╖ instrumentationHook

   Creating an optimized production build ...
 Γ£ô Compiled successfully
   Skipping linting
   Checking validity of types ...
node.exe : Failed to compile.
At line:1 char:1
+ & "C:\Program Files\nodejs/node.exe" "C:\Program 
Files\nodejs/node_mo ...
+ ~~~~~~~~~~~~~~~~~~~~~~~~~~~~~~~~~~~~~~~~~~~~~~~~~~~~
~~~~~~~~~~~~~~~~~
    + CategoryInfo          : NotSpecified: (Failed t 
   o compile.:String) [], RemoteException
    + FullyQualifiedErrorId : NativeCommandError
 

./src/app/api/orders/[id]/tracking/route.ts:141:36
Type error: Property 'getOrderDetail' does not exist 
on type 'CjApi'.

[0m [90m 139 |[39m[0m
[0m [90m 140 |[39m     [36mtry[39m {[0m
[0m[31m[1m>[22m[39m[90m 141 |[39m       
[36mconst[39m orderDetail [33m=[39m 
[36mawait[39m cj[33m.[39mgetOrderDetail(order[33m
.[39mcj_order_no)[33m;[39m[0m
[0m [90m     |[39m                                 
   [31m[1m^[22m[39m[0m
[0m [90m 142 |[39m       [36mconst[39m data 
[33m=[39m orderDetail[33m?[39m[33m.[39mdata 
[33m||[39m orderDetail[33m;[39m[0m
[0m [90m 143 |[39m       [0m
[0m [90m 144 |[39m       [36mif[39m (data) {[0m
Next.js build worker exited with code: 1 and signal: 
null
